---
source: crates/kiln-config/tests/corpus.rs
expression: rendered
---
kiln::semantic

  × Kiln cannot ship a file to `/boot/extra.conf`
   ╭─[system.toml:4:11]
 3 │ [[file]]
 4 │ target  = "/boot/extra.conf"
   ·           ─────────┬────────
   ·                    ╰── here
 5 │ content = "x\n"
   ╰────
  help: OSTree owns /boot; the kernel and boot entries are Kiln's to place
kiln::semantic

  × `etc/relative` is not an absolute path
   ╭─[system.toml:8:11]
 7 │ [[file]]
 8 │ target  = "etc/relative"
   ·           ───────┬──────
   ·                  ╰── here
 9 │ content = "x\n"
   ╰────
  help: `target` is a real system path and must start with `/`
kiln::semantic

  × Kiln cannot ship a file to `/etc/locale.conf`
    ╭─[system.toml:12:11]
 11 │ [[file]]
 12 │ target  = "/etc/locale.conf"
    ·           ─────────┬────────
    ·                    ╰── here
 13 │ content = "LANG=en_US.UTF-8\n"
    ╰────
  help: `system.locale.lang` always writes this, defaulting to "C.UTF-8" — there is no
        `[[file]]` route to it
kiln::semantic

  × Kiln cannot ship a file to `/usr/etc/motd`
    ╭─[system.toml:19:11]
 18 │ [[file]]
 19 │ target  = "/usr/etc/motd"
    ·           ───────┬───────
    ·                  ╰── here
 20 │ content = "x\n"
    ╰────
  help: /usr/etc is where Kiln puts /etc, not somewhere to write. Write `/etc/motd`
        instead
kiln::semantic

  × Kiln cannot ship a file to `/nonsense/thing`
    ╭─[system.toml:23:11]
 22 │ [[file]]
 23 │ target  = "/nonsense/thing"
    ·           ────────┬────────
    ·                   ╰── here
 24 │ content = "x\n"
    ╰────
  help: /nonsense is not a directory the image has. Image content lives under /usr and /
        etc; /var, /opt and /srv are seeded
kiln::semantic

  × Kiln cannot ship a file to `/toplevel`
    ╭─[system.toml:27:11]
 26 │ [[file]]
 27 │ target  = "/toplevel"
    ·           ─────┬─────
    ·                ╰── here
 28 │ content = "x\n"
    ╰────
  help: nothing is written at the top level of the image. Give the file a directory: `/
        etc/…` or `/usr/…`

6 problems found.
