---
source: crates/kiln-config/tests/corpus.rs
expression: rendered
---
kiln::structure

  × `boot.timeout` must be an integer, found string
   ╭─[system.toml:4:11]
 3 │ [boot]
 4 │ timeout = "five"
   ·           ───┬──
   ·              ╰── here
 5 │ 
   ╰────
kiln::structure

  × `packages.repo` must be a list, found string
   ╭─[system.toml:7:8]
 6 │ [packages]
 7 │ repo = "git"
   ·        ──┬──
   ·          ╰── here
   ╰────

2 problems found.
