---
source: crates/kiln-config/tests/corpus.rs
assertion_line: 131
expression: rendered
---
kiln::semantic

  × Kiln cannot ship a file to `/boot/extra.conf`
   ╭─[system.toml:4:11]
 3 │ [[file]]
 4 │ target  = "/boot/extra.conf"
   ·           ─────────┬────────
   ·                    ╰── here
 5 │ content = "x\n"
   ╰────
  help: OSTree owns /boot; the kernel and boot entries are Kiln's to place
kiln::semantic

  × `etc/relative` is not an absolute path
   ╭─[system.toml:8:11]
 7 │ [[file]]
 8 │ target  = "etc/relative"
   ·           ───────┬──────
   ·                  ╰── here
 9 │ content = "x\n"
   ╰────
  help: `target` is a real system path and must start with `/`
kiln::semantic

  × Kiln cannot ship a file to `/etc/locale.conf`
    ╭─[system.toml:12:11]
 11 │ [[file]]
 12 │ target  = "/etc/locale.conf"
    ·           ─────────┬────────
    ·                    ╰── here
 13 │ content = "LANG=en_US.UTF-8\n"
    ╰────
  help: `system.locale.lang` always writes this, defaulting to "C.UTF-8" — there is no
        `[[file]]` route to it

3 problems found.
