---
source: crates/kiln-config/tests/corpus.rs
assertion_line: 120
expression: rendered
---
config_id: b3:a24b2d103312733a0323548aa48190b0b340c2a76769675b8b0c9b4f6da925eb


  boot: 
    initramfs: "dracut"
    loader: "grub2"
    timeout: 5
  files: {}
  hash_epoch: 3
  image: 
    arch: "[ARCH]"
    name: "system"
  kernel: 
    cmdline: 
      - "rw"
    headers: false
    modules: 
      blacklist: []
      load: []
      options: {}
    out_of_tree: {}
    package: "linux"
  local_digests: {}
  packages: 
    aur: {}
    build: []
    exclude: []
    file: 
      https://example.com/myapp-1.0-1-x86_64.pkg.tar.zst: 
        path: "https://example.com/myapp-1.0-1-x86_64.pkg.tar.zst"
        sha256: "https://example.com/myapp-1.0-1-x86_64.pkg.tar.zst.sha256"
    repo: 
      - "base"
      - "dracut"
      - "efibootmgr"
      - "grub"
      - "linux"
      - "linux-firmware"
      - "ostree"
      - "systemd-sysvcompat"
  repos: 
    extra: {}
    mirrors: []
    snapshot: 
      latest: true
  schema: 1
  scripts: {}
  system: 
    hostname: []
    keymap: "us"
    locale: 
      generate: []
      lang: "C.UTF-8"
    timezone: "UTC"
  systemd: 
    disable: []
    enable: 
      - "systemd-timesyncd.service"
    mask: []
    units: {}
