---
source: crates/kiln-config/tests/corpus.rs
expression: rendered
---
config_id: b3:7aef83aed85a842a86412e1a039f4d9725d43597dfed99ca5fca4133c34a364d


  boot: 
    initramfs: "dracut"
    loader: "grub2"
    timeout: 5
  files: {}
  hash_epoch: 4
  image: 
    arch: "[ARCH]"
    name: "system"
  kernel: 
    cmdline: 
      - "rw"
    dracut_modules: []
    headers: false
    modules: 
      blacklist: []
      load: []
      options: {}
    out_of_tree: {}
    package: "linux"
  local_digests: {}
  packages: 
    aur: {}
    build: []
    exclude: []
    file: {}
    repo: 
      - "base"
      - "dracut"
      - "efibootmgr"
      - "grub"
      - "linux"
      - "linux-firmware"
      - "ostree"
      - "systemd-sysvcompat"
  repos: 
    extra: {}
    mirrors: []
    snapshot: 
      latest: true
  schema: 1
  scripts: {}
  system: 
    hostname: []
    keymap: "us"
    locale: 
      generate: []
      lang: "C.UTF-8"
    timezone: "UTC"
  systemd: 
    disable: []
    enable: 
      - "systemd-timesyncd.service"
    mask: []
    units: {}
