---
source: crates/kiln-config/tests/corpus.rs
expression: rendered
---
config_id: b3:b4540d883d504446590553ba81428c507770b1d997f2ab28c0c9b6b79d63fcbc


  boot: 
    initramfs: "dracut"
    loader: "grub2"
    timeout: 5
  files: {}
  hash_epoch: 7
  image: 
    arch: "[ARCH]"
    name: "system"
  kernel: 
    cmdline: 
      - "quiet"
      - "rw"
    dkms: {}
    dracut_modules: []
    headers: false
    modules: 
      blacklist: []
      initramfs: []
      load: []
      options: {}
    out_of_tree: {}
    package: "linux"
  local_digests: {}
  packages: 
    aur: {}
    build: []
    exclude: []
    file: {}
    repo: 
      - "alpha"
      - "beta"
      - "gamma"
  repos: 
    extra: {}
    mirrors: []
    snapshot: 
      latest: true
  schema: 1
  scripts: {}
  system: 
    hostname: []
    keymap: "us"
    locale: 
      generate: []
      lang: "C.UTF-8"
    timezone: "UTC"
  systemd: 
    disable: []
    enable: []
    mask: []
    units: {}
