---
source: crates/kiln-config/tests/corpus.rs
expression: rendered
---
config_id: b3:96d718deb6bb99d28a6a793a838546df4caaa23028445d7d73138122ceb13d4d


  boot: 
    initramfs: "dracut"
    loader: "grub2"
    timeout: 5
  files: 
    /etc/motd: 
      content: 
        - "from base\n"
      mode: 
        - 384
      source: []
      target: "/etc/motd"
  hash_epoch: 8
  image: 
    arch: "[ARCH]"
    name: "system"
  kernel: 
    cmdline: []
    dkms: {}
    dracut_modules: []
    modules: 
      blacklist: []
      initramfs: []
      load: []
      options: {}
    out_of_tree: {}
    package: "linux"
  local_digests: {}
  packages: 
    aur: {}
    build: []
    exclude: []
    file: {}
    repo: []
  repos: 
    extra: {}
    mirrors: []
    snapshot: 
      latest: true
  schema: 1
  scripts: {}
  system: 
    hostname: []
    keymap: "us"
    locale: 
      generate: []
      lang: "C.UTF-8"
    timezone: "UTC"
  systemd: 
    disable: []
    enable: []
    mask: []
    units: {}
